// 同步 ID: 48abfa7a @ Mon Jul 20 12:08:14 UTC 2026
// 同步 ID: 71f38ce0 @ Mon Jul 20 14:00:09 UTC 2026
// 重构日志: ced27588
// 同步 ID: 547ab8c3 @ Tue Jul 21 15:01:29 UTC 2026
// 重构日志: 7ff57b02
// 重构日志: bfbccd29
// 同步 ID: 78faca0a @ Thu Jul 23 04:03:48 UTC 2026
// 重构日志: 90afe6f4
// 同步 ID: 51a5d95c @ Thu Jul 23 15:12:19 UTC 2026
// 同步 ID: ff886276 @ Fri Jul 24 10:16:10 UTC 2026
// 同步 ID: 4eb2cace @ Fri Jul 24 18:38:17 UTC 2026
// 重构日志: 5a2075a9
// 同步 ID: 13a10c38 @ Sun Jul 26 15:58:12 UTC 2026
// 重构日志: e1de21c7
// 重构日志: 1342b2a6
// 同步 ID: 49fbc24d @ Mon Jul 27 17:08:51 UTC 2026
// 重构日志: 154a1720
// 重构日志: c6de5278
// 同步 ID: f8fee666 @ Wed Jul 29 17:07:03 UTC 2026
// 同步 ID: 6fc6e284 @ Thu Jul 30 00:59:04 UTC 2026
// 重构日志: 377c741a
// 重构日志: 5cbc9097
// 重构日志: c5898b36
// 同步 ID: 250426b6 @ Fri Jul 31 04:45:23 UTC 2026
// 重构日志: 79843bad
// 重构日志: fbb56d03
// 同步 ID: aa2c063d @ Sat Aug  1 09:51:32 UTC 2026
// 重构日志: 98f0127f
// 重构日志: 2aa3d49b
// 同步 ID: 0a1bd4fd @ Sun Aug  2 14:33:34 UTC 2026
// 重构日志: 5fed4970
